main.c:565:6:LoraMacProcessNotify	0	static
main.c:773:13:LORA_TxNeeded	8	static
main.c:762:13:LORA_ConfirmClass	8	static
main.c:569:13:LORA_HasJoined	8	static
main.c:806:13:OnTimerLedEvent	8	static
main.c:678:13:LORA_RxData	8	static
main.c:785:9:LORA_GetBatteryLevel	8	static
main.c:734:13:OnTxTimerEvent	8	static
main.c:576:13:Send	32	static
main.c:251:5:hex_to_val	0	static
main.c:262:6:USART1_IRQHandler	8	static
main.c:267:6:HAL_UART_RxCpltCallback	16	static
main.c:282:6:huartHandleInit	8	static
main.c:297:6:gpioInit	32	static
main.c:317:6:sendCommand	16	dynamic
main.c:331:5:receiveData	24	static
main.c:389:6:receiveAck	8	static
main.c:396:6:stopModule	8	static
main.c:405:6:resetModule	8	static
main.c:415:6:loadRespirationApp	8	static
main.c:422:6:configureNoiseMap	8	static
main.c:433:6:setSensity	24	static
main.c:442:6:setDetectionZone	24	static
main.c:454:6:executeApp	8	static
main.c:462:17:getRespirationData	32	static
main.c:486:5:main	40	static
