main.c:545:6:LoraMacProcessNotify	0	static
main.c:764:13:LORA_TxNeeded	8	static
main.c:753:13:LORA_ConfirmClass	8	static
main.c:549:13:LORA_HasJoined	8	static
main.c:797:13:OnTimerLedEvent	8	static
main.c:671:13:LORA_RxData	8	static
main.c:776:9:LORA_GetBatteryLevel	8	static
main.c:727:13:OnTxTimerEvent	8	static
main.c:556:13:Send	56	static
main.c:377:6:HAL_UART_RxCpltCallback	0	static
main.c:381:6:sendCommand	16	dynamic
main.c:397:5:receiveData	24	dynamic
main.c:453:6:receiveAck	8	static
main.c:460:6:stopModule	8	static
main.c:469:6:resetModule	8	static
main.c:479:6:loadRespirationApp	8	static
main.c:486:6:configureNoiseMap	8	static
main.c:497:6:setSensity	24	static
main.c:506:6:setDetectionZone	24	static
main.c:518:6:executeApp	8	static
main.c:251:5:main	48	static,ignoring_inline_asm
main.c:526:17:getRespirationData	32	static
