RegionEU868.c:108:13:VerifyRfFreq	24	static
RegionEU868.c:189:12:RegionEU868GetPhyParam	16	static
RegionEU868.c:367:6:RegionEU868SetBandTxDone	8	static
RegionEU868.c:372:6:RegionEU868InitDefaults	112	static
RegionEU868.c:429:7:RegionEU868GetNvmCtx	0	static
RegionEU868.c:435:6:RegionEU868Verify	16	static
RegionEU868.c:530:6:RegionEU868ChanMaskSet	8	static
RegionEU868.c:550:6:RegionEU868ComputeRxWindowParameters	48	static
RegionEU868.c:570:6:RegionEU868RxConfig	72	static
RegionEU868.c:627:6:RegionEU868TxConfig	88	static
RegionEU868.c:662:9:RegionEU868LinkAdrReq	96	static
RegionEU868.c:767:9:RegionEU868RxParamSetupReq	24	static
RegionEU868.c:846:8:RegionEU868TxParamSetupReq	0	static
RegionEU868.c:851:9:RegionEU868DlChannelReq	16	static
RegionEU868.c:877:8:RegionEU868AlternateDr	0	static
RegionEU868.c:882:6:RegionEU868CalcBackOff	32	static
RegionEU868.c:898:17:RegionEU868NextChannel	64	static
RegionEU868.c:953:17:RegionEU868ChannelAdd	40	static
RegionEU868.c:1013:6:RegionEU868ChannelsRemove	8	static
RegionEU868.c:471:6:RegionEU868ApplyCFList	48	static
RegionEU868.c:793:9:RegionEU868NewChannelReq	16	static
RegionEU868.c:1028:6:RegionEU868SetContinuousWave	24	static
RegionEU868.c:1040:9:RegionEU868ApplyDrOffset	0	static
RegionEU868.c:1051:6:RegionEU868RxBeaconSetup	32	static
