sx1276.c:366:14:SX1276GetStatus	0	static
sx1276.c:1515:16:GetFskBandwidthRegValue	8	static
sx1276.c:808:10:SX1276GetTimeOnAir	32	static
sx1276.c:1510:10:SX1276GetWakeupTime	8	static
sx1276.c:1431:6:SX1276WriteBuffer	16	static
sx1276.c:1419:6:SX1276Write	16	static
sx1276.c:371:6:SX1276SetChannel	16	static
sx1276.c:1448:6:SX1276ReadBuffer	16	static
sx1276.c:1424:9:SX1276Read	16	static
sx1276.c:461:13:RxChainCalibration	16	static
sx1276.c:2116:13:SX1276OnDio4Irq	0	static
sx1276.c:2085:13:SX1276OnDio3Irq	16	static
sx1276.c:2012:13:SX1276OnDio2Irq	16	static
sx1276.c:1344:13:SX1276SetOpMode.part.0	8	static
sx1276.c:1344:13:SX1276SetOpMode	16	static
sx1276.c:1004:6:SX1276SetSleep	8	static
sx1276.c:1018:6:SX1276SetStby	8	static
sx1276.c:1028:6:SX1276SetRx	24	static
sx1276.c:1259:6:SX1276StartCad	16	static
sx1276.c:1312:9:SX1276ReadRssi	8	static
sx1276.c:1382:6:SX1276SetModem	8	static
sx1276.c:332:10:SX1276Init	24	static
sx1276.c:384:6:SX1276IsChannelFree	24	static
sx1276.c:420:10:SX1276Random	16	static
sx1276.c:499:6:SX1276SetRxConfig	72	static
sx1276.c:669:6:SX1276SetTxConfig	72	static
sx1276.c:1292:6:SX1276SetTxContinuousWave	56	static
sx1276.c:1476:6:SX1276SetMaxPayloadLength	16	static
sx1276.c:1494:6:SX1276SetPublicNetwork	8	static
sx1276.c:1630:13:SX1276OnTimeoutIrq	16	static
sx1276.c:836:6:SX1276Send	32	static
sx1276.c:1893:13:SX1276OnDio1Irq	16	static
sx1276.c:1706:13:SX1276OnDio0Irq	32	static
