LoRaMac.c:842:13:OnRadioRxError	8	static
LoRaMac.c:865:13:UpdateRxSlotIdleState	0	static
LoRaMac.c:3005:13:StopRetransmission	0	static
LoRaMac.c:3060:13:CallNvmCtxCallback	8	static
LoRaMac.c:3068:13:EventMacNvmCtxChanged	8	static
LoRaMac.c:3073:13:EventRegionNvmCtxChanged	8	static
LoRaMac.c:3078:13:EventCryptoNvmCtxChanged	8	static
LoRaMac.c:3083:13:EventSecureElementNvmCtxChanged	8	static
LoRaMac.c:3088:13:EventCommandsNvmCtxChanged	8	static
LoRaMac.c:3093:13:EventClassBNvmCtxChanged	8	static
LoRaMac.c:3098:13:EventConfirmQueueNvmCtxChanged	8	static
LoRaMac.c:1906:16:GetMaxAppPayloadWithoutFOptsLength	16	static
LoRaMac.c:1750:13:OnAckTimeoutTimerEvent	8	static
LoRaMac.c:924:13:PrepareRxDoneAbort	8	static
LoRaMac.c:1352:13:HandleRadioRxErrorTimeout	40	static
LoRaMac.c:2561:13:ResetMacParameters	32	static
LoRaMac.c:2628:13:OpenContinuousRxCWindow	24	static
LoRaMac.c:852:13:OnRadioRxTimeout	16	static
LoRaMac.c:829:13:OnRadioTxTimeout	16	static
LoRaMac.c:810:13:OnRadioRxDone	32	static
LoRaMac.c:794:13:OnRadioTxDone	32	static
LoRaMac.c:1816:24:SwitchClass	40	static
LoRaMac.c:2614:13:RxWindowSetup.constprop	32	static
LoRaMac.c:1720:13:OnRxWindow1TimerEvent	8	static
LoRaMac.c:1732:13:OnRxWindow2TimerEvent	8	static
LoRaMac.c:1949:13:ProcessMacCommands.isra.1.constprop	104	static
LoRaMac.c:1457:6:LoRaMacIsBusy	0	static
LoRaMac.c:2643:17:PrepareFrame	48	static
LoRaMac.c:2748:17:SendFrameOnChannel	56	static
LoRaMac.c:2377:24:ScheduleTx	64	static
LoRaMac.c:1694:13:OnTxDelayedTimerEvent	8	static
LoRaMac.c:2253:17:Send	88	static
LoRaMac.c:2339:17:SendReJoinReq	16	static
LoRaMac.c:2818:17:SetTxContinuousWave	32	static
LoRaMac.c:2836:17:SetTxContinuousWave1	8	static
LoRaMac.c:2845:16:GetCtxs	16	static
LoRaMac.c:2860:17:RestoreCtxs	24	static
LoRaMac.c:2909:17:DetermineFrameType	8	static
LoRaMac.c:1659:6:LoRaMacProcess	200	static,ignoring_inline_asm
LoRaMac.c:3114:17:LoRaMacInitialization	88	static
LoRaMac.c:3339:17:LoRaMacStart	0	static
LoRaMac.c:3345:17:LoRaMacStop	8	static
LoRaMac.c:3359:17:LoRaMacQueryTxPossible	64	static
LoRaMac.c:3417:17:LoRaMacMibGetRequestConfirm	16	static
LoRaMac.c:3603:17:LoRaMacMibSetRequestConfirm	48	static
LoRaMac.c:4262:17:LoRaMacChannelAdd	48	static
LoRaMac.c:4282:17:LoRaMacChannelRemove	16	static
LoRaMac.c:4305:17:LoRaMacMcChannelSetup	32	static
LoRaMac.c:4341:17:LoRaMacMcChannelDelete	56	static
LoRaMac.c:4366:9:LoRaMacMcChannelGetGroupId	0	static
LoRaMac.c:4378:17:LoRaMacMcChannelSetupRxParams	48	static
LoRaMac.c:4442:17:LoRaMacMlmeRequest	40	static
LoRaMac.c:4593:17:LoRaMacMcpsRequest	56	static
LoRaMac.c:4704:6:LoRaMacTestSetDutyCycleOn	24	static
