sys_app.c:311:13:tiny_snprintf_like.constprop	16	static
sys_app.c:236:13:TimestampNow	32	static
sys_app.c:97:6:SystemApp_Init	64	static
sys_app.c:148:6:UTIL_SEQ_Idle	8	static
sys_app.c:159:9:GetBatteryLevel	16	static
sys_app.c:193:10:GetTemperatureLevel	8	static
sys_app.c:204:6:GetUniqueId	16	static
sys_app.c:226:10:GetDevAddr	8	static
sys_app.c:289:6:UTIL_ADV_TRACE_PreSendHook	8	static
sys_app.c:300:6:UTIL_ADV_TRACE_PostSendHook	8	static
sys_app.c:336:19:HAL_InitTick	0	static
sys_app.c:353:10:HAL_GetTick	8	static
sys_app.c:369:6:HAL_Delay	16	static
