LoRaMacClassB.c:536:13:NvmContextChange	8	static
LoRaMacClassB.c:904:6:LoRaMacClassBPingSlotTimerEvent	8	static
LoRaMacClassB.c:1015:6:LoRaMacClassBMulticastSlotTimerEvent	8	static
LoRaMacClassB.c:163:17:CalcDownlinkFrequency	24	static
LoRaMacClassB.c:663:6:LoRaMacClassBBeaconTimerEvent	8	static
LoRaMacClassB.c:80:20:TimerTempCompensation	16	static
LoRaMacClassB.c:306:13:CalcNextSlotTime	40	static
LoRaMacClassB.c:123:13:ComputePingOffset	48	static
LoRaMacClassB.c:351:17:BeaconCrc	20	static
LoRaMacClassB.c:195:17:CalcDownlinkChannelAndFrequency.constprop	32	static
LoRaMacClassB.c:235:13:RxBeaconSetup	80	static
LoRaMacClassB.c:384:13:InitClassB	32	static
LoRaMacClassB.c:413:13:InitClassBDefaults	32	static
LoRaMacClassB.c:546:6:LoRaMacClassBInit	24	static
LoRaMacClassB.c:570:6:LoRaMacClassBRestoreNvmCtx	8	static
LoRaMacClassB.c:588:7:LoRaMacClassBGetNvmCtx	0	static
LoRaMacClassB.c:628:6:LoRaMacClassBSetPingSlotState	0	static
LoRaMacClassB.c:635:6:LoRaMacClassBSetMulticastSlotState	0	static
LoRaMacClassB.c:1171:6:LoRaMacClassBRxBeacon	88	static
LoRaMacClassB.c:1288:6:LoRaMacClassBIsBeaconExpected	0	static
LoRaMacClassB.c:1302:6:LoRaMacClassBIsPingExpected	0	static
LoRaMacClassB.c:1315:6:LoRaMacClassBIsMulticastExpected	0	static
LoRaMacClassB.c:1328:6:LoRaMacClassBIsAcquisitionPending	0	static
LoRaMacClassB.c:599:6:LoRaMacClassBSetBeaconState	8	static
LoRaMacClassB.c:642:6:LoRaMacClassBIsAcquisitionInProgress	8	static
LoRaMacClassB.c:1341:6:LoRaMacClassBIsBeaconModeActive	0	static
LoRaMacClassB.c:1355:6:LoRaMacClassBSetPingSlotInfo	8	static
LoRaMacClassB.c:1393:6:LoRaMacClassBResumeBeaconing	8	static
LoRaMacClassB.c:1440:17:LoRaMacClassBMibGetRequestConfirm	0	static
LoRaMacClassB.c:1464:17:LoRaMacMibClassBSetRequestConfirm	8	static
LoRaMacClassB.c:1489:6:LoRaMacClassBPingSlotInfoAns	8	static
LoRaMacClassB.c:1501:9:LoRaMacClassBPingSlotChannelReq	40	static
LoRaMacClassB.c:1548:6:LoRaMacClassBBeaconTimingAns	24	static
LoRaMacClassB.c:1577:6:LoRaMacClassBDeviceTimeAns	64	static
LoRaMacClassB.c:1613:6:LoRaMacClassBBeaconFreqReq	24	static
LoRaMacClassB.c:1642:13:LoRaMacClassBIsUplinkCollision	16	static
LoRaMacClassB.c:1666:6:LoRaMacClassBStopRxSlots	8	static,ignoring_inline_asm
LoRaMacClassB.c:1364:6:LoRaMacClassBHaltBeaconing	8	static,ignoring_inline_asm
LoRaMacClassB.c:1415:17:LoRaMacClassBSwitchClass	8	static
LoRaMacClassB.c:1679:6:LoRaMacClassBStartRxSlots	24	static
LoRaMacClassB.c:493:20:UpdateBeaconState	40	static
LoRaMacClassB.c:1695:6:LoRaMacClassBSetMulticastPeriodicity	8	static
LoRaMacClassB.c:1706:6:LoRaMacClassBProcess	48	static,ignoring_inline_asm
