LoRaMacClassB.c:592:13:NvmContextChange	8	static
LoRaMacClassB.c:959:6:LoRaMacClassBPingSlotTimerEvent	8	static
LoRaMacClassB.c:1069:6:LoRaMacClassBMulticastSlotTimerEvent	8	static
LoRaMacClassB.c:228:17:CalcDownlinkFrequency	24	static
LoRaMacClassB.c:718:6:LoRaMacClassBBeaconTimerEvent	8	static
LoRaMacClassB.c:363:13:CalcNextSlotTime	40	static
LoRaMacClassB.c:191:13:ComputePingOffset	48	static
LoRaMacClassB.c:408:17:BeaconCrc	20	static
LoRaMacClassB.c:259:17:CalcDownlinkChannelAndFrequency.constprop	24	static
LoRaMacClassB.c:292:13:RxBeaconSetup	72	static
LoRaMacClassB.c:441:13:InitClassB	24	static
LoRaMacClassB.c:469:13:InitClassBDefaults	32	static
LoRaMacClassB.c:602:6:LoRaMacClassBInit	16	static
LoRaMacClassB.c:626:6:LoRaMacClassBRestoreNvmCtx	8	static
LoRaMacClassB.c:644:7:LoRaMacClassBGetNvmCtx	0	static
LoRaMacClassB.c:683:6:LoRaMacClassBSetPingSlotState	0	static
LoRaMacClassB.c:690:6:LoRaMacClassBSetMulticastSlotState	0	static
LoRaMacClassB.c:1224:6:LoRaMacClassBRxBeacon	72	static
LoRaMacClassB.c:1325:6:LoRaMacClassBIsBeaconExpected	0	static
LoRaMacClassB.c:1339:6:LoRaMacClassBIsPingExpected	0	static
LoRaMacClassB.c:1352:6:LoRaMacClassBIsMulticastExpected	0	static
LoRaMacClassB.c:1365:6:LoRaMacClassBIsAcquisitionPending	0	static
LoRaMacClassB.c:655:6:LoRaMacClassBSetBeaconState	8	static
LoRaMacClassB.c:697:6:LoRaMacClassBIsAcquisitionInProgress	8	static
LoRaMacClassB.c:1378:6:LoRaMacClassBIsBeaconModeActive	0	static
LoRaMacClassB.c:1392:6:LoRaMacClassBSetPingSlotInfo	8	static
LoRaMacClassB.c:1429:6:LoRaMacClassBResumeBeaconing	8	static
LoRaMacClassB.c:1475:17:LoRaMacClassBMibGetRequestConfirm	0	static
LoRaMacClassB.c:1499:17:LoRaMacMibClassBSetRequestConfirm	8	static
LoRaMacClassB.c:1524:6:LoRaMacClassBPingSlotInfoAns	8	static
LoRaMacClassB.c:1536:9:LoRaMacClassBPingSlotChannelReq	40	static
LoRaMacClassB.c:1583:6:LoRaMacClassBBeaconTimingAns	24	static
LoRaMacClassB.c:1612:6:LoRaMacClassBDeviceTimeAns	64	static
LoRaMacClassB.c:1648:6:LoRaMacClassBBeaconFreqReq	24	static
LoRaMacClassB.c:1677:13:LoRaMacClassBIsUplinkCollision	16	static
LoRaMacClassB.c:1701:6:LoRaMacClassBStopRxSlots	8	static,ignoring_inline_asm
LoRaMacClassB.c:1401:6:LoRaMacClassBHaltBeaconing	8	static,ignoring_inline_asm
LoRaMacClassB.c:1450:17:LoRaMacClassBSwitchClass	8	static
LoRaMacClassB.c:1714:6:LoRaMacClassBStartRxSlots	24	static
LoRaMacClassB.c:549:20:UpdateBeaconState	40	static
LoRaMacClassB.c:1730:6:LoRaMacClassBSetMulticastPeriodicity	8	static
LoRaMacClassB.c:1741:6:LoRaMacClassBProcess	48	static,ignoring_inline_asm
